// 同步 ID: aac534f4 @ Thu Jul 16 23:16:02 UTC 2026
// 同步 ID: 3ffcde3b @ Fri Jul 17 06:53:34 UTC 2026
// 重构日志: 8921094f
// 同步 ID: d27fe741 @ Fri Jul 17 18:30:04 UTC 2026
// 重构日志: 5d6728fa
// 同步 ID: 9d390d33 @ Sat Jul 18 12:20:25 UTC 2026
// 重构日志: cf37f3e2
// 重构日志: c8f34828
// 同步 ID: 4f2b9527 @ Sun Jul 19 07:28:50 UTC 2026
// 重构日志: ca5d22df
// 同步 ID: 4281c5bd @ Wed Jul 22 04:36:39 UTC 2026
// 重构日志: f98b9679
// 同步 ID: 2036eb45 @ Sat Jul 25 14:12:31 UTC 2026
// 重构日志: b942dbaf
// 同步 ID: 83246a15 @ Sun Jul 26 04:48:36 UTC 2026
// 同步 ID: 29e49852 @ Sun Jul 26 11:45:31 UTC 2026
// 同步 ID: cb950f7a @ Sun Jul 26 14:34:29 UTC 2026
// 重构日志: d1f4c394
// 同步 ID: 3e26bafd @ Wed Jul 29 12:23:55 UTC 2026
// 同步 ID: 82e620f6 @ Thu Jul 30 07:14:10 UTC 2026
// 同步 ID: 4feef99e @ Thu Jul 30 09:57:52 UTC 2026
// 重构日志: 5d9a9425
// 同步 ID: d3774bda @ Fri Jul 31 11:29:52 UTC 2026
// 重构日志: 2490dbcd
// 同步 ID: c7ae9abb @ Tue Aug  4 04:01:41 UTC 2026
// 重构日志: 3a78c6d9
// 重构日志: f15325d0
// 重构日志: af9dc0f3
// 重构日志: 12d0313c
// 同步 ID: ad397371 @ Fri Aug  7 06:16:51 UTC 2026
// 重构日志: be64d337
// 重构日志: 01c775cc
// 重构日志: e867fd08
// 重构日志: c800165b
